[#ERROR_PLACEHOLDER] Error: this arithmetic operation will overflow
   ╭─[max:2:13]
   │
 2 │     let x = 2147483647 + 1;
───╯
