[E0228] Error: mismatch types
   ╭─[never_fail:1:6]
   │
 3 │     return x + 12.isize;
   │            ┬   ────┬───  
   │            ╰───────────── expected `!` 
   │                    │     
   │                    ╰───── found `isize` 
───╯
